[INFO] Auto-detected host platform 'mac' from 'Darwin'.
[INFO] Using repo version: 2.3.90
[INFO] Cleaning build root /Users/max/GitHub/zlib-ng/user/release/_build
[INFO] Starting mac/arm64 build
[INFO] Configuring with C standard 23
-- Using CMake version 4.3.3
-- ZLIB_HEADER_VERSION: 1.3.1
-- ZLIBNG_HEADER_VERSION: 2.3.90
-- The C compiler identification is AppleClang 21.0.0.21000101
-- Detecting C compiler ABI info
-- Detecting C compiler ABI info - done
-- Check for working C compiler: /usr/bin/cc - skipped
-- Detecting C compile features
-- Detecting C compile features - done
-- Arch detected: 'arm64'
-- Basearch of 'arm64' (64bit) has been detected as: 'arm'
-- Performing Test FNO_LTO_AVAILABLE
-- Performing Test FNO_LTO_AVAILABLE - Success
-- Performing Test HAVE_NO_OUTLINE
-- Performing Test HAVE_NO_OUTLINE - Success
-- Performing Test HAVE_W_ERROR_UNGUARDED_AVAILABILITY
-- Performing Test HAVE_W_ERROR_UNGUARDED_AVAILABILITY - Success
-- Performing Test HAVE_W_ERROR_UNGUARDED_AVAILABILITY_NEW
-- Performing Test HAVE_W_ERROR_UNGUARDED_AVAILABILITY_NEW - Success
-- Performing Test HAVE_W_ERROR_UNUSED_COMMAND_LINE_ARGUMENT
-- Performing Test HAVE_W_ERROR_UNUSED_COMMAND_LINE_ARGUMENT - Success
-- Looking for arm_acle.h
-- Looking for arm_acle.h - found
-- Looking for sys/auxv.h
-- Looking for sys/auxv.h - not found
-- Looking for sys/sdt.h
-- Looking for sys/sdt.h - found
-- Looking for unistd.h
-- Looking for unistd.h - found
-- Looking for linux/auxvec.h
-- Looking for linux/auxvec.h - not found
-- Looking for asm/hwprobe.h
-- Looking for asm/hwprobe.h - not found
-- Looking for strerror
-- Looking for strerror - found
-- Looking for __cpuid_count
-- Looking for __cpuid_count - not found
-- Performing Test HAVE_CPUID_MS
-- Performing Test HAVE_CPUID_MS - Failed
-- Checking for sanitizer option
--  sanitizer not enabled
-- Performing Test HAVE_NO_INTERPOSITION
-- Performing Test HAVE_NO_INTERPOSITION - Failed
-- Performing Test HAVE_ATTRIBUTE_VISIBILITY_HIDDEN
-- Performing Test HAVE_ATTRIBUTE_VISIBILITY_HIDDEN - Success
-- Performing Test HAVE_ATTRIBUTE_VISIBILITY_INTERNAL
-- Performing Test HAVE_ATTRIBUTE_VISIBILITY_INTERNAL - Success
-- Performing Test HAVE_ATTRIBUTE_ALIGNED
-- Performing Test HAVE_ATTRIBUTE_ALIGNED - Success
-- Performing Test HAVE_BUILTIN_ASSUME_ALIGNED
-- Performing Test HAVE_BUILTIN_ASSUME_ALIGNED - Success
-- Performing Test NEON_AVAILABLE
-- Performing Test NEON_AVAILABLE - Success
-- Performing Test NEON_HAS_LD4
-- Performing Test NEON_HAS_LD4 - Success
-- Performing Test NEON_HAS_DOTPROD
-- Performing Test NEON_HAS_DOTPROD - Success
-- Performing Test HAVE_MARCH_ARMV8_CRC
-- Performing Test HAVE_MARCH_ARMV8_CRC - Success
-- Performing Test HAVE_ARMV8_INLINE_ASM
-- Performing Test HAVE_ARMV8_INLINE_ASM - Success
-- Performing Test HAVE_ARMV8_INTRIN
-- Performing Test HAVE_ARMV8_INTRIN - Success
-- Performing Test HAVE_MARCH_ARMV8_CRYPTO_SHA3
-- Performing Test HAVE_MARCH_ARMV8_CRYPTO_SHA3 - Success
-- Performing Test HAVE_ARMV8_PMULL_EOR3_INTRIN
-- Performing Test HAVE_ARMV8_PMULL_EOR3_INTRIN - Success
-- Architecture-specific source files: arch/arm/arm_features.c;arch/arm/adler32_neon.c;arch/arm/chunkset_neon.c;arch/arm/compare256_neon.c;arch/arm/slide_hash_neon.c;arch/arm/adler32_neon_dotprod.c;arch/arm/crc32_armv8.c;arch/arm/crc32_armv8_pmull_eor3.c

-- The following defines have been set (partial list):

CURRENT_SOURCE_DIR: ARM_CRC32 ARM_CRC32_INTRIN ARM_FEATURES ARM_NEON ARM_NEON_DOTPROD ARM_NEON_HASLD4 ARM_PMULL_EOR3 HAVE_ARM_ACLE_H HAVE_ATTRIBUTE_ALIGNED HAVE_BUILTIN_ASSUME_ALIGNED HAVE_SYS_SDT_H HAVE_VISIBILITY_HIDDEN HAVE_VISIBILITY_INTERNAL WITH_GZFILEOP WITH_OPTIM ZLIB_COMPAT

-- The following features have been enabled:

 * CMAKE_BUILD_TYPE, Build type: Release (selected)
 * NEON_ADLER32, Support NEON instructions in adler32, using "-march=armv8-a+simd"
 * NEON_SLIDEHASH, Support NEON instructions in slide_hash, using "-march=armv8-a+simd"
 * NEON_DOTPROD_ADLER32, Support NEON DotProd instructions in adler32, using "-march=armv8.2-a+dotprod"
 * ARMV8_CRC, Support ARMv8 optimized CRC hash generation, using "-march=armv8-a+crc"
 * ARMV8_PMULL_EOR3, Support ARMv8 PMULL + EOR3 instructions for CRC, using "-march=armv8.2-a+crc+crypto+sha3"
 * WITH_GZFILEOP, Compile with support for gzFile related functions
 * ZLIB_COMPAT, Compile with zlib compatible API
 * ZLIB_ALIASES, Compile with zlib compatible CMake targets
 * WITH_OPTIM, Build with optimisation
 * WITH_NEW_STRATEGIES, Use new strategies
 * WITH_CRC32_CHORBA, Use optimized CRC32 algorithm Chorba
 * WITH_RUNTIME_CPU_DETECTION, Build with runtime CPU detection
 * WITH_ARMV8, Build with ARMv8 intrinsics
 * WITH_NEON, Build with NEON intrinsics

-- The following features have been disabled:

 * ZLIB_SYMBOL_PREFIX, Publicly exported symbols DO NOT have a custom prefix
 * BUILD_TESTING, Build test binaries
 * WITH_SANITIZER, Enable sanitizer testing support
 * WITH_GTEST, Build tests using Gtest framework
 * WITH_FUZZERS, Build test/fuzz
 * WITH_BENCHMARKS, Build benchmarks using Google Benchmark framework
 * WITH_BENCHMARK_APPS, Build application benchmarks (currently libpng)
 * WITH_ALL_FALLBACKS, Build all generic fallback functions
 * WITH_NATIVE_INSTRUCTIONS, Instruct the compiler to use the full instruction set on this host (gcc/clang -march=native)
 * WITH_MAINTAINER_WARNINGS, Build with project maintainer warnings
 * WITH_CODE_COVERAGE, Enable code coverage reporting
 * WITH_INFLATE_STRICT, Build with strict inflate distance checking
 * WITH_INFLATE_ALLOW_INVALID_DIST, Build with zero fill for inflate invalid distances
 * WITH_ARMV6, Build with ARMv6 SIMD
 * INSTALL_UTILS, Copy minigzip and minideflate during install

-- Configuring done (3.7s)
-- Generating done (0.0s)
-- Build files have been written to: /Users/max/GitHub/zlib-ng/user/release/_build/mac/arm64
[INFO] RUN: cmake --build /Users/max/GitHub/zlib-ng/user/release/_build/mac/arm64 --config Release -j 10
[  1%] Building C object CMakeFiles/zlib-ng.dir/arch/generic/compare256_c.c.o
[  3%] Building C object CMakeFiles/zlib-ng.dir/arch/generic/adler32_c.c.o
[  4%] Building C object utils/CMakeFiles/makefixed.dir/makefixed.c.o
[  4%] Building C object utils/CMakeFiles/makefixed.dir/__/inftrees.c.o
[  5%] Building C object utils/CMakeFiles/maketrees.dir/maketrees.c.o
[  6%] Building C object CMakeFiles/zlib-ng.dir/arch/generic/chunkset_c.c.o
[  8%] Building C object utils/CMakeFiles/makecrct.dir/makecrct.c.o
[  9%] Building C object utils/CMakeFiles/makefixed.dir/__/zutil.c.o
[  9%] Building C object CMakeFiles/zlib-ng-static.dir/arch/generic/adler32_c.c.o
[ 10%] Building C object utils/CMakeFiles/maketrees.dir/__/trees.c.o
[ 11%] Building C object CMakeFiles/zlib-ng-static.dir/arch/generic/chunkset_c.c.o
[ 14%] Building C object utils/CMakeFiles/maketrees.dir/__/zutil.c.o
[ 14%] Building C object CMakeFiles/zlib-ng.dir/arch/generic/crc32_braid_c.c.o
[ 15%] Building C object CMakeFiles/zlib-ng.dir/arch/generic/crc32_chorba_c.c.o
[ 16%] Building C object CMakeFiles/zlib-ng-static.dir/arch/generic/compare256_c.c.o
[ 17%] Building C object CMakeFiles/zlib-ng.dir/arch/generic/slide_hash_c.c.o
[ 18%] Building C object CMakeFiles/zlib-ng-static.dir/arch/generic/crc32_braid_c.c.o
[ 19%] Linking C executable ../makecrct
[ 20%] Linking C executable ../makefixed
[ 21%] Building C object CMakeFiles/zlib-ng.dir/adler32.c.o
[ 22%] Building C object CMakeFiles/zlib-ng-static.dir/arch/generic/crc32_chorba_c.c.o
[ 23%] Building C object CMakeFiles/zlib-ng.dir/compress.c.o
[ 25%] Building C object CMakeFiles/zlib-ng.dir/crc32.c.o
[ 26%] Building C object CMakeFiles/zlib-ng-static.dir/arch/generic/slide_hash_c.c.o
[ 27%] Linking C executable ../maketrees
[ 28%] Building C object CMakeFiles/zlib-ng.dir/crc32_braid_comb.c.o
[ 29%] Building C object CMakeFiles/zlib-ng.dir/deflate.c.o
[ 29%] Built target makecrct
[ 30%] Building C object CMakeFiles/zlib-ng-static.dir/adler32.c.o
[ 30%] Built target makefixed
[ 31%] Building C object CMakeFiles/zlib-ng.dir/deflate_fast.c.o
[ 33%] Building C object CMakeFiles/zlib-ng.dir/deflate_medium.c.o
[ 33%] Building C object CMakeFiles/zlib-ng.dir/deflate_huff.c.o
[ 34%] Building C object CMakeFiles/zlib-ng.dir/deflate_quick.c.o
[ 34%] Built target maketrees
[ 35%] Building C object CMakeFiles/zlib-ng.dir/deflate_rle.c.o
[ 36%] Building C object CMakeFiles/zlib-ng-static.dir/compress.c.o
[ 38%] Building C object CMakeFiles/zlib-ng-static.dir/crc32_braid_comb.c.o
[ 39%] Building C object CMakeFiles/zlib-ng-static.dir/crc32.c.o
[ 40%] Building C object CMakeFiles/zlib-ng-static.dir/deflate.c.o
[ 41%] Building C object CMakeFiles/zlib-ng-static.dir/deflate_fast.c.o
[ 42%] Building C object CMakeFiles/zlib-ng.dir/deflate_slow.c.o
[ 43%] Building C object CMakeFiles/zlib-ng.dir/deflate_stored.c.o
[ 44%] Building C object CMakeFiles/zlib-ng-static.dir/deflate_huff.c.o
[ 45%] Building C object CMakeFiles/zlib-ng.dir/functable.c.o
[ 46%] Building C object CMakeFiles/zlib-ng.dir/infback.c.o
[ 47%] Building C object CMakeFiles/zlib-ng-static.dir/deflate_medium.c.o
[ 48%] Building C object CMakeFiles/zlib-ng-static.dir/deflate_quick.c.o
[ 50%] Building C object CMakeFiles/zlib-ng.dir/inflate.c.o
[ 51%] Building C object CMakeFiles/zlib-ng.dir/inftrees.c.o
[ 52%] Building C object CMakeFiles/zlib-ng.dir/insert_string.c.o
[ 53%] Building C object CMakeFiles/zlib-ng.dir/trees.c.o
[ 54%] Building C object CMakeFiles/zlib-ng-static.dir/deflate_rle.c.o
[ 55%] Building C object CMakeFiles/zlib-ng.dir/uncompr.c.o
[ 56%] Building C object CMakeFiles/zlib-ng-static.dir/deflate_slow.c.o
[ 57%] Building C object CMakeFiles/zlib-ng.dir/zutil.c.o
[ 58%] Building C object CMakeFiles/zlib-ng-static.dir/deflate_stored.c.o
[ 59%] Building C object CMakeFiles/zlib-ng.dir/cpu_features.c.o
[ 60%] Building C object CMakeFiles/zlib-ng.dir/arch/arm/arm_features.c.o
[ 61%] Building C object CMakeFiles/zlib-ng.dir/arch/arm/adler32_neon.c.o
[ 63%] Building C object CMakeFiles/zlib-ng.dir/arch/arm/chunkset_neon.c.o
[ 64%] Building C object CMakeFiles/zlib-ng.dir/arch/arm/compare256_neon.c.o
[ 65%] Building C object CMakeFiles/zlib-ng-static.dir/functable.c.o
[ 66%] Building C object CMakeFiles/zlib-ng-static.dir/infback.c.o
[ 67%] Building C object CMakeFiles/zlib-ng.dir/arch/arm/slide_hash_neon.c.o
[ 68%] Building C object CMakeFiles/zlib-ng-static.dir/inflate.c.o
[ 69%] Building C object CMakeFiles/zlib-ng.dir/arch/arm/adler32_neon_dotprod.c.o
[ 70%] Building C object CMakeFiles/zlib-ng-static.dir/inftrees.c.o
[ 71%] Building C object CMakeFiles/zlib-ng.dir/arch/arm/crc32_armv8.c.o
[ 72%] Building C object CMakeFiles/zlib-ng-static.dir/insert_string.c.o
[ 73%] Building C object CMakeFiles/zlib-ng-static.dir/trees.c.o
[ 76%] Building C object CMakeFiles/zlib-ng.dir/arch/arm/crc32_armv8_pmull_eor3.c.o
[ 76%] Building C object CMakeFiles/zlib-ng-static.dir/uncompr.c.o
[ 77%] Building C object CMakeFiles/zlib-ng.dir/gzlib.c.o
[ 78%] Building C object CMakeFiles/zlib-ng.dir/gzread.c.o
[ 79%] Building C object CMakeFiles/zlib-ng-static.dir/zutil.c.o
[ 80%] Building C object CMakeFiles/zlib-ng-static.dir/cpu_features.c.o
[ 81%] Building C object CMakeFiles/zlib-ng.dir/gzwrite.c.o
[ 82%] Building C object CMakeFiles/zlib-ng-static.dir/arch/arm/arm_features.c.o
[ 83%] Building C object CMakeFiles/zlib-ng-static.dir/arch/arm/adler32_neon.c.o
[ 84%] Building C object CMakeFiles/zlib-ng-static.dir/arch/arm/chunkset_neon.c.o
[ 85%] Building C object CMakeFiles/zlib-ng-static.dir/arch/arm/adler32_neon_dotprod.c.o
[ 86%] Building C object CMakeFiles/zlib-ng-static.dir/arch/arm/slide_hash_neon.c.o
[ 88%] Building C object CMakeFiles/zlib-ng-static.dir/arch/arm/compare256_neon.c.o
[ 89%] Building C object CMakeFiles/zlib-ng-static.dir/arch/arm/crc32_armv8.c.o
[ 90%] Building C object CMakeFiles/zlib-ng-static.dir/arch/arm/crc32_armv8_pmull_eor3.c.o
[ 91%] Building C object CMakeFiles/zlib-ng-static.dir/gzlib.c.o
[ 92%] Building C object CMakeFiles/zlib-ng-static.dir/gzread.c.o
[ 93%] Linking C shared library libz.dylib
[ 94%] Building C object CMakeFiles/zlib-ng-static.dir/gzwrite.c.o
[ 94%] Built target zlib-ng
[ 95%] Linking C static library libz.a
[ 95%] Built target zlib-ng-static
[ 97%] Building C object utils/CMakeFiles/minideflate.dir/minideflate.c.o
[ 97%] Building C object utils/CMakeFiles/minigzip.dir/minigzip.c.o
[ 98%] Linking C executable ../minigzip
[100%] Linking C executable ../minideflate
[100%] Built target minigzip
[100%] Built target minideflate
[INFO] Artifacts saved to /Users/max/GitHub/zlib-ng/user/release/mac/arm64/2.3.90
[INFO] Build completed successfully for: mac
[INFO] Release root: /Users/max/GitHub/zlib-ng/user/release
[INFO] Log file: /Users/max/GitHub/zlib-ng/user/logs/build-20260909-104105.log
